llego al maximo
llego al maximo
1
llego al maximo
llego al maximo
1
llego al maximo
llego al maximo
1
